
> build
> nuxt build

node.exe : 'nuxt' is not recognized as an internal or external command,
At line:1 char:1
+ & "C:\Program Files\nodejs/node.exe" "C:\Program Files\nodejs/node_mo ...
+ ~~~~~~~~~~~~~~~~~~~~~~~~~~~~~~~~~~~~~~~~~~~~~~~~~~~~~~~~~~~~~~~~~~~~~
    + CategoryInfo          : NotSpecified: ('nuxt' is not r...ternal command,:String) [], RemoteException
    + FullyQualifiedErrorId : NativeCommandError
 
operable program or batch file.
